BEGIN:VCALENDAR
VERSION:2.0
PRODID:Spatie calendar-links
BEGIN:VEVENT
UID:9fc99e4f3dcee13f23355d63918b9a0c
SUMMARY:Birthday Party +1
DTSTAMP;TZID=UTC:20180201T090000
DTSTART;TZID=UTC:20180201T090000
DTEND;TZID=UTC:20180201T180000
DESCRIPTION:With balloons, clowns and stuff
Bring a dog, bring a frog.
There will be line breaks on it.
Project link calendar-links


Thank you.

LOCATION:Party Lane 1A\, 1337 Funtown
END:VEVENT
END:VCALENDAR