https://outlook.live.com/calendar/deeplink/compose?path=/calendar/action/compose&rru=addevent&startdt=2018-02-01T09:00:00Z&enddt=2018-02-01T18:00:00Z&subject=Birthday%26%2332%3BParty%26%2332%3B%2B1&body=With%26%2332%3Bballoons%2C%26%2332%3Bclowns%26%2332%3Band%26%2332%3Bstuff%26%2332%3BBring%26%2332%3Ba%26%2332%3Bdog%2C%26%2332%3Bbring%26%2332%3Ba%26%2332%3Bfrog.%26%2332%3BThere%26%2332%3Bwill%26%2332%3Bbe%26%2332%3Bline%26%2332%3Bbreaks%26%2332%3Bon%26%2332%3Bit.%26%2332%3BProject%26%2332%3Blink%26%2332%3B%3Ca%26%2332%3Bhref%3D%22https%3A%2F%2Fgithub.com%2Fspatie%2Fcalendar-links%22%3Ecalendar-links%3C%2Fa%3E%26%2332%3B%3Cbr%3E%26%2332%3B%3Cimg%26%2332%3Bsrc%3D%22https%3A%2F%2Fgithub-ads.s3.eu-central-1.amazonaws.com%2Fcalendar-links.jpg%3Ft%3D1%22%26%2332%3Bwidth%3D%22419px%22%26%2332%3B%2F%3E%26%2332%3BThanks%26%2332%3Byou.%26%2332%3B&location=Party+Lane+1A%2C+1337+Funtown